[doomer-two.vercel.app/index.html]
[doomer-two.vercel.app/_next/static/media/1b6780189070f542-s.p.ttf]
[doomer-two.vercel.app/_next/static/media/f6f1404b84d22d8e-s.p.ttf]
[doomer-two.vercel.app/deep.png]
[doomer-two.vercel.app/source.png]
[doomer-two.vercel.app/output.png]
[doomer-two.vercel.app/banner.png]
[doomer-two.vercel.app/_next/static/css/ec6fae810774d548.css]
[doomer-two.vercel.app/_next/static/chunks/webpack-b1f6373f9b462cfa.js]
[doomer-two.vercel.app/_next/static/chunks/fd9d1056-6224f41d1be9f49a.js]
[doomer-two.vercel.app/_next/static/chunks/69-e7ed2c580dc15bdb.js]
[doomer-two.vercel.app/_next/static/chunks/main-app-f5c8d25c8479457f.js]
[doomer-two.vercel.app/_next/static/chunks/8e1d74a4-ed412fa87e44704f.js]
[doomer-two.vercel.app/_next/static/chunks/57-eea2479d3548e5f7.js]
[backblue.gif]
[fade.gif]
[index.html]
[doomer-two.vercel.app/_next/static/chunks/app/page-9e9f1a756c3175cb.js]
[doomer-two.vercel.app/iconad6f.png]
[doomer-two.vercel.app/_next/static/chunks/polyfills-c67a75d1b6f99dc8.js]
[doomer-two.vercel.app/_next/deep46da.png]
[doomer-two.vercel.app/1.svg]
[doomer-two.vercel.app/_next/domain41b2.png]
[doomer-two.vercel.app/3.svg]
[doomer-two.vercel.app/4.svg]
[doomer-two.vercel.app/2.svg]
[doomer-two.vercel.app/_next/twd1eb.png]
[doomer-two.vercel.app/_next/tw291e.png]
[doomer-two.vercel.app/_next/trade1764f.png]
[doomer-two.vercel.app/_next/trade42094.png]
[doomer-two.vercel.app/_next/trade35f6d.png]
[doomer-two.vercel.app/_next/cry25c2.png]
[doomer-two.vercel.app/_next/smokb478.png]
[doomer-two.vercel.app/_next/trade820c.png]
[doomer-two.vercel.app/_next/sad0149.png]
[doomer-two.vercel.app/_next/supasad844c.png]
[doomer-two.vercel.app/index.html]
[doomer-two.vercel.app/background.png]
[doomer-two.vercel.app/_next/static/css/ec6fae810774d548.css]
[doomer-two.vercel.app/_next/static/css/effa6b7da59ffbe4.css]
[doomer-two.vercel.app/1.svg]
[doomer-two.vercel.app/3.svg]
[doomer-two.vercel.app/4.svg]
[doomer-two.vercel.app/2.svg]
